[www.humanicslab.com/index.html]
[www.humanicslab.com/_next/static/media/e4af272ccee01ff0-s.p.woff2]
[www.humanicslab.com/digital-banking/murong-logo.1.delayed]
[www.humanicslab.com/_next/static/css/5ac63b422b813502.css]
[www.humanicslab.com/_next/static/chunks/webpack-2c310260b0d1e0be.js]
[www.humanicslab.com/_next/static/chunks/7b592179-1378843f2e7f6d17.js]
[www.humanicslab.com/_next/static/chunks/7526-ce4c891bd4601aba.js]
[www.humanicslab.com/_next/static/chunks/main-app-61573b2b76b718be.js]
[www.humanicslab.com/_next/static/chunks/6183-26627356bc8c3f8b.js]
[www.humanicslab.com/_next/static/chunks/1422-1e27775cf20a8947.js]
[www.humanicslab.com/_next/static/chunks/app/layout-fa8eff949ee27ce2.js]
[www.humanicslab.com/_next/static/chunks/9739-0b2921835c277b9f.js]
[www.humanicslab.com/_next/static/chunks/3866-e9067d45bd1ffd95.js]
[www.humanicslab.com/_next/static/chunks/9227-2b7451cee2701869.js]
[www.humanicslab.com/_next/static/chunks/9052-bd4b00b558f728cf.js]
[www.humanicslab.com/_next/static/chunks/app/page-d8f4651241197f11.js]
[backblue.gif]
[fade.gif]
[index.html]
[www.humanicslab.com/_next/static/chunks/polyfills-42372ed130431b0a.js]
[www.humanicslab.com/who-we-are.html]
[www.humanicslab.com/what-we-do/digital-services.html]
[www.humanicslab.com/what-we-do/digital-banking.html]
[www.humanicslab.com/what-we-do/entrepreneurship.html]
[www.humanicslab.com/what-we-do/research.html]
[www.humanicslab.com/what-we-do/training.html]
[www.humanicslab.com/careers.html]
[www.humanicslab.com/news.html]
[www.humanicslab.com/contact.html]
[www.humanicslab.com/startups.html]
[www.humanicslab.com/what-we-do.html]
[www.humanicslab.com/technology-innovation-lab-diverse-team.png]
[www.humanicslab.com/digital-banking/digital-banking-system.png]
[www.humanicslab.com/diverse-tech-agency.png]
[www.humanicslab.com/startup-mentorship.png]
[www.humanicslab.com/tech-training-classroom.png]
[www.humanicslab.com/news/humanics-lab-inspires-kano-children-on-innovation-and-responsible-ai.html]
[www.humanicslab.com/news/cultivating-ai-on-ghanaian-soil-why-a-domestic-dataset-is-ghana-s-seed-for-innovation.html]
[www.humanicslab.com/news/humanics-lab-collaborates-with-maryam-abacha-american-university-of-nigeria-maaun-to-launch.html]
[www.humanicslab.com/collaborative-brainstorm.png]
[www.humanicslab.com/partnerships.html]
[www.humanicslab.com/impact.25.delayed]
[www.humanicslab.com/privacy-policy.26.delayed]
[www.humanicslab.com/terms.27.delayed]
[www.humanicslab.com/cookies.28.delayed]
[www.humanicslab.com/abstract-blue-digital-pattern.png]
[www.humanicslab.com/abstract-blue-swirls.png]
[www.humanicslab.com/abstract-blue-tech.png]
[www.humanicslab.com/index.html]
[www.humanicslab.com/digital-banking/404]
[www.humanicslab.com/grid-pattern.png]
[www.humanicslab.com/_next/static/media/55c55f0601d81cf3-s.woff2]
[www.humanicslab.com/_next/static/media/26a46d62cd723877-s.woff2]
[www.humanicslab.com/_next/static/media/97e0cb1ae144a2a9-s.woff2]
[www.humanicslab.com/_next/static/media/581909926a08bbc8-s.woff2]
[www.humanicslab.com/_next/static/media/df0a9ae256c0569c-s.woff2]
[www.humanicslab.com/_next/static/media/8e9860b6e62d6359-s.woff2]
[www.humanicslab.com/_next/static/css/5ac63b422b813502.css]
[www.humanicslab.com/_next/static/chunks/app/who-we-are/page-f7ea154a9616da74.js]
[www.humanicslab.com/diverse-inclusive-workplace.png]
[www.humanicslab.com/who-we-are.html]
[www.humanicslab.com/case-studies/maaun-group-universities.35.delayed]
[www.humanicslab.com/case-studies/aapu-logo.36.delayed]
[www.humanicslab.com/placeholderb40d.svg]
[www.humanicslab.com/_next/static/chunks/8451-70f11fd995d560a6.js]
[www.humanicslab.com/_next/static/chunks/app/what-we-do/digital-services/page-8efb24d6b356b6a6.js]
[www.humanicslab.com/placeholderea6b.svg]
[www.humanicslab.com/what-we-do/digital-services.html]
[www.humanicslab.com/case-studies.html]
[www.humanicslab.com/_next/static/chunks/2514-99c2062b50c10422.js]
[www.humanicslab.com/_next/static/chunks/5995-002e99cb408fe4dc.js]
[www.humanicslab.com/_next/static/chunks/app/what-we-do/digital-banking/page-f42e4b1699361815.js]
[www.humanicslab.com/digital-banking/digital-banking-header.png]
[www.humanicslab.com/digital-banking/partnership-illustration.png]
[www.humanicslab.com/logo.png]
[www.humanicslab.com/what-we-do/digital-banking.html]
[www.humanicslab.com/_next/static/chunks/3005-f7be256f78983ddb.js]
[www.humanicslab.com/_next/static/chunks/app/what-we-do/entrepreneurship/page-fdb2ea8791d0c2fa.js]
[www.humanicslab.com/abstract-blue-entrepreneurship.png]
[www.humanicslab.com/entrepreneurship/incubator.45.delayed]
[www.humanicslab.com/entrepreneurship/accelerator.46.delayed]
[www.humanicslab.com/entrepreneurship/mentorship.47.delayed]
[www.humanicslab.com/entrepreneurship/funding.48.delayed]
[www.humanicslab.com/resources/business-plan-template.49.delayed]
[www.humanicslab.com/resources/financial-projections.4a.delayed]
[www.humanicslab.com/resources/pitch-deck-guide.4b.delayed]
[www.humanicslab.com/resources/marketing-toolkit.4c.delayed]
[www.humanicslab.com/resources/legal-checklist.4d.delayed]
[www.humanicslab.com/resources/product-development.4e.delayed]
[www.humanicslab.com/entrepreneurship/resources.4f.delayed]
[www.humanicslab.com/business-mentorship-coaching.png]
[www.humanicslab.com/entrepreneurship/apply.51.delayed]
[www.humanicslab.com/what-we-do/entrepreneurship.html]
[www.humanicslab.com/_next/static/chunks/app/what-we-do/research/page-4fb403e28f3862a6.js]
[www.humanicslab.com/research/projects/chestify-ai.53.delayed]
[www.humanicslab.com/research/projects/edutech-africa.54.delayed]
[www.humanicslab.com/research/projects/sarf-exchange.55.delayed]
[www.humanicslab.com/research/projects.56.delayed]
[www.humanicslab.com/research/partners.57.delayed]
[www.humanicslab.com/what-we-do/research.html]
[www.humanicslab.com/training/training-hero.png]
[www.humanicslab.com/_next/static/chunks/app/what-we-do/training/page-c12d1e6644a2044a.js]
[www.humanicslab.com/training/diverse-classroom.png]
[www.humanicslab.com/training/tech-leadership.png]
[www.humanicslab.com/training/digital-transformation.png]
[www.humanicslab.com/training/technical-upskilling.png]
[www.humanicslab.com/training/training-cta.png]
[www.humanicslab.com/what-we-do/training.html]
[www.humanicslab.com/_next/static/chunks/2296-c575099c46b04481.js]
[www.humanicslab.com/_next/static/chunks/app/careers/page-24b20a1bfabe0148.js]
[www.humanicslab.com/abstract-blue-career-pattern.png]
[www.humanicslab.com/diverse-team-collaboration.png]
[www.humanicslab.com/team-success-celebration.png]
[www.humanicslab.com/careers/internships.html]
[www.humanicslab.com/technology-internship.png]
[www.humanicslab.com/diverse-tech-for-good.png]
[www.humanicslab.com/careers.html]
[www.humanicslab.com/_next/static/chunks/app/news/page-00beeb7c6d32bf16.js]
[www.humanicslab.com/abstract-blue-news-pattern.png]
[www.humanicslab.com/news/humanics-lab-launches-empathetic-career-advisor-powered-by-ai-introducing-careers-university-gpt.html]
[www.humanicslab.com/news.html]
[www.humanicslab.com/news/welcome-to-humanics-lab.html]
[www.humanicslab.com/_next/static/chunks/9958-692064f4f6d75071.js]
[www.humanicslab.com/_next/static/chunks/app/contact/page-c3e601dd4b3d4a3a.js]
[www.humanicslab.com/abstract-blue-communication.png]
[www.humanicslab.com/contact.html]
[www.humanicslab.com/_next/static/chunks/app/startups/page-f92cd5dd4793b1a3.js]
[www.humanicslab.com/startups/accelerator.6f.delayed]
[www.humanicslab.com/startups/mentorship.70.delayed]
[www.humanicslab.com/startups/community.71.delayed]
[www.humanicslab.com/startups/resources.72.delayed]
[www.humanicslab.com/african-tech-startup-team.png]
[www.humanicslab.com/startups/success-stories/ecosolar.74.delayed]
[www.humanicslab.com/edtech-africa.png]
[www.humanicslab.com/startups/success-stories/learnconnect.76.delayed]
[www.humanicslab.com/african-healthcare-app.png]
[www.humanicslab.com/startups/success-stories/medilink.78.delayed]
[www.humanicslab.com/startups/success-stories.79.delayed]
[www.humanicslab.com/startups.html]
[www.humanicslab.com/diverse-tech-team.png]
[www.humanicslab.com/_next/static/chunks/2884-59dd004a2efee24e.js]
[www.humanicslab.com/_next/static/chunks/app/what-we-do/page-28b2baaa69e39dae.js]
[www.humanicslab.com/healthcare-ai-diagnostics.png]
[www.humanicslab.com/projects/chestify-ai.7e.delayed]
[www.humanicslab.com/projects/afrigreen.7f.delayed]
[www.humanicslab.com/edtech-digital-classroom.png]
[www.humanicslab.com/projects/careers-university.81.delayed]
[www.humanicslab.com/projects.82.delayed]
[www.humanicslab.com/university-innovation-hub.png]
[www.humanicslab.com/what-we-do.html]
[www.humanicslab.com/_next/static/chunks/3454-d944b2250b348d5e.js]
[www.humanicslab.com/_next/static/chunks/app/news/[slug]/page-740e475d293341c8.js]
[www.humanicslab.com/news/category/innovation.86.delayed]
[www.humanicslab.com/news/category/expansion.87.delayed]
[www.humanicslab.com/news/category/social-impact.88.delayed]
[www.humanicslab.com/news/category/healthcare.89.delayed]
[www.humanicslab.com/news/category/partnership.8a.delayed]
[www.humanicslab.com/news/category/environment.8b.delayed]
[www.humanicslab.com/news/humanics-lab-inspires-kano-children-on-innovation-and-responsible-ai.html]
[www.humanicslab.com/news/cultivating-ai-on-ghanaian-soil-why-a-domestic-dataset-is-ghana-s-seed-for-innovation.html]
[www.humanicslab.com/news/humanics-lab-collaborates-with-maryam-abacha-american-university-of-nigeria-maaun-to-launch.html]
[www.humanicslab.com/partnerships/partnerships-hero.png]
[www.humanicslab.com/_next/static/chunks/app/partnerships/page-b1ced8b985335272.js]
[www.humanicslab.com/digital-banking/case-study-national-payment.png]
[www.humanicslab.com/partnerships/partnership-process.png]
[www.humanicslab.com/partnerships/partnership-cta.png]
[www.humanicslab.com/partnerships.html]
[www.humanicslab.com/404]
[www.humanicslab.com/404-2]
[www.humanicslab.com/404-3]
[www.humanicslab.com/404-4]
[www.humanicslab.com/case-studies/404]
[www.humanicslab.com/case-studies/404-2]
[www.humanicslab.com/placeholderb40d.svg]
[www.humanicslab.com/placeholderea6b.svg]
[www.humanicslab.com/_next/static/chunks/app/case-studies/page-75456a4435ecef28.js]
[www.humanicslab.com/placeholder7109.svg]
[www.humanicslab.com/bustling-university-campus.png]
[www.humanicslab.com/placeholder738e.svg]
[www.humanicslab.com/placeholder4621.svg]
[www.humanicslab.com/placeholdereece.svg]
[www.humanicslab.com/placeholderca36.svg]
[www.humanicslab.com/placeholderfb81.svg]
[www.humanicslab.com/case-studies.html]
[www.humanicslab.com/entrepreneurship/404]
[www.humanicslab.com/entrepreneurship/404-2]
[www.humanicslab.com/entrepreneurship/404-3]
[www.humanicslab.com/entrepreneurship/404-4]
[www.humanicslab.com/resources/404]
[www.humanicslab.com/resources/404-2]
[www.humanicslab.com/resources/404-3]
[www.humanicslab.com/resources/404-4]
[www.humanicslab.com/resources/404-5]
[www.humanicslab.com/resources/404-6]
[www.humanicslab.com/entrepreneurship/404-5]
[www.humanicslab.com/entrepreneurship/404-6]
[www.humanicslab.com/research/projects/404]
[www.humanicslab.com/research/projects/404-2]
[www.humanicslab.com/research/projects/404-3]
[www.humanicslab.com/research/404]
[www.humanicslab.com/research/404-2]
[www.humanicslab.com/_next/static/chunks/app/careers/internships/page-d7bc593695b07148.js]
[www.humanicslab.com/careers/internships.html]
[www.humanicslab.com/news/humanics-lab-launches-empathetic-career-advisor-powered-by-ai-introducing-careers-university-gpt.html]
[www.humanicslab.com/news/welcome-to-humanics-lab.html]
[www.humanicslab.com/startups/404]
[www.humanicslab.com/startups/404-2]
[www.humanicslab.com/startups/404-3]
[www.humanicslab.com/startups/404-4]
[www.humanicslab.com/startups/success-stories/404]
[www.humanicslab.com/startups/success-stories/404-2]
[www.humanicslab.com/startups/success-stories/404-3]
[www.humanicslab.com/startups/404-5]
[www.humanicslab.com/projects/404]
[www.humanicslab.com/projects/404-2]
[www.humanicslab.com/projects/404-3]
[www.humanicslab.com/404-5]
[www.humanicslab.com/news/category/404]
[www.humanicslab.com/news/category/404-2]
[www.humanicslab.com/news/category/404-3]
[www.humanicslab.com/news/category/404-4]
[www.humanicslab.com/news/category/404-5]
[www.humanicslab.com/news/category/404-6]
[www.humanicslab.com/placeholder7109.svg]
[www.humanicslab.com/placeholder738e.svg]
[www.humanicslab.com/placeholder4621.svg]
[www.humanicslab.com/placeholdereece.svg]
[www.humanicslab.com/placeholderca36.svg]
[www.humanicslab.com/placeholderfb81.svg]
